// Jest Snapshot v1, https://goo.gl/fbAQLP

exports[`snapshot of the base state 1`] = `
<DocumentFragment>
  <div />
</DocumentFragment>
`;
