// Jest Snapshot v1, https://goo.gl/fbAQLP

exports[`snapshot of the base state 1`] = `
<DocumentFragment>
  <span
    aria-label="Filmes favoritos"
    class="MuiBadge-root BaseBadge-root css-1c32n2y-MuiBadge-root"
    data-mui-internal-clone-element="true"
    data-testid="favorite-navigation-icon"
  >
    <svg
      aria-hidden="true"
      class="MuiSvgIcon-root MuiSvgIcon-fontSizeLarge css-tzssek-MuiSvgIcon-root"
      data-testid="FavoriteIcon"
      focusable="false"
      viewBox="0 0 24 24"
    >
      <path
        d="m12 21.35-1.45-1.32C5.4 15.36 2 12.28 2 8.5 2 5.42 4.42 3 7.5 3c1.74 0 3.41.81 4.5 2.09C13.09 3.81 14.76 3 16.5 3 19.58 3 22 5.42 22 8.5c0 3.78-3.4 6.86-8.55 11.54L12 21.35z"
      />
    </svg>
    <span
      class="MuiBadge-badge MuiBadge-standard MuiBadge-invisible MuiBadge-anchorOriginTopRight MuiBadge-anchorOriginTopRightRectangular MuiBadge-overlapRectangular MuiBadge-colorSecondary BaseBadge-badge BaseBadge-invisible css-fu0map-MuiBadge-badge"
    >
      0
    </span>
  </span>
</DocumentFragment>
`;

exports[`snapshot of the hover 1`] = `
<DocumentFragment>
  <span
    aria-label="Filmes favoritos"
    class="MuiBadge-root BaseBadge-root css-1c32n2y-MuiBadge-root"
    data-mui-internal-clone-element="true"
    data-testid="favorite-navigation-icon"
  >
    <svg
      aria-hidden="true"
      class="MuiSvgIcon-root MuiSvgIcon-fontSizeLarge css-tzssek-MuiSvgIcon-root"
      data-testid="FavoriteIcon"
      focusable="false"
      viewBox="0 0 24 24"
    >
      <path
        d="m12 21.35-1.45-1.32C5.4 15.36 2 12.28 2 8.5 2 5.42 4.42 3 7.5 3c1.74 0 3.41.81 4.5 2.09C13.09 3.81 14.76 3 16.5 3 19.58 3 22 5.42 22 8.5c0 3.78-3.4 6.86-8.55 11.54L12 21.35z"
      />
    </svg>
    <span
      class="MuiBadge-badge MuiBadge-standard MuiBadge-invisible MuiBadge-anchorOriginTopRight MuiBadge-anchorOriginTopRightRectangular MuiBadge-overlapRectangular MuiBadge-colorSecondary BaseBadge-badge BaseBadge-invisible css-fu0map-MuiBadge-badge"
    >
      0
    </span>
  </span>
</DocumentFragment>
`;
